"16-type-attr.cl", line 4:9, Semantic error: Type Bool of initialization expression of attribute z is incompatible with declared type Int
"16-type-attr.cl", line 6:10, Semantic error: Type C of initialization expression of attribute b2 is incompatible with declared type B
"16-type-attr.cl", line 7:10, Semantic error: Type B of initialization expression of attribute c is incompatible with declared type C
Compilation halted
