"18-type-dispatch.cl", line 2:32, Semantic error: Type Object of method f is incompatible with declared return type Int
Compilation halted
