"06-arithmetic.cl", line 4:5, Semantic error: Class A redefines attribute p
"06-arithmetic.cl", line 5:5, Semantic error: Class A redefines attribute q
Compilation halted
